// Jest Snapshot v1, https://goo.gl/fbAQLP

exports[`Missions Page Tests correctly rendered 1`] = `
<div>
  <h2>
    MISSIONS
  </h2>
  <table>
    <thead>
      <tr>
        <th>
          Mission
        </th>
        <th>
          Description
        </th>
        <th
          className="status"
        >
          Status
        </th>
        <th>
           
        </th>
      </tr>
    </thead>
    <tbody />
  </table>
</div>
`;
